// Jest Snapshot v1, https://goo.gl/fbAQLP

exports[`renders correctly 1`] = `
<View
  style={
    Array [
      Object {
        "backgroundColor": "white",
        "borderColor": "#e1e8ee",
        "borderWidth": 1,
        "margin": 15,
        "marginBottom": 0,
        "padding": 15,
        "shadowColor": "rgba(0,0,0, .2)",
        "shadowOffset": Object {
          "height": 0,
          "width": 0,
        },
        "shadowOpacity": 1,
        "shadowRadius": 1,
      },
      undefined,
      Object {
        "height": 80,
        "width": 315,
      },
    ]
  }
>
  <View
    style={
      Array [
        Object {
          "backgroundColor": "transparent",
        },
        undefined,
        undefined,
      ]
    }
  >
    <View
      style={
        Object {
          "flexDirection": "row",
          "justifyContent": "space-between",
        }
      }
    >
      <View
        style={
          Object {
            "flex": 8,
            "flexDirection": "column",
            "height": 50,
            "justifyContent": "space-between",
            "width": 80,
          }
        }
      >
        <Text
          accessible={true}
          allowFontScaling={true}
          ellipsizeMode="tail"
          style={
            Object {
              "fontSize": 18,
            }
          }
        />
        <Text
          accessible={true}
          allowFontScaling={true}
          ellipsizeMode="tail"
          style={
            Object {
              "fontSize": 14,
            }
          }
        >
          Date: 
        </Text>
      </View>
    </View>
  </View>
</View>
`;
